[demo.goodlayers.com/kingster/university-life/index.html]
[backblue.gif]
[fade.gif]
[index.html]
[a6e8z9v6.stackpathcdn.com/kingster/wp-content/cache/wpfc-minified/qhfkg17u/8bqjh.css]
[a6e8z9v6.stackpathcdn.com/kingster/wp-content/cache/wpfc-minified/q53pcy59/8bqjh.css]
[a6e8z9v6.stackpathcdn.com/kingster/wp-content/cache/wpfc-minified/2cwwm6ax/8bqjh.css]
[a6e8z9v6.stackpathcdn.com/kingster/wp-content/cache/wpfc-minified/e1phtqpt/8bqjh.css]
[a6e8z9v6.stackpathcdn.com/kingster/wp-content/cache/wpfc-minified/ko14bs0g/8bqjh.css]
[a6e8z9v6.stackpathcdn.com/kingster/wp-content/cache/wpfc-minified/mna03qls/8bqjh.js]
[a6e8z9v6.stackpathcdn.com/kingster/wp-content/cache/wpfc-minified/lwklx7k3/8bqjh.js]
[a6e8z9v6.stackpathcdn.com/kingster/wp-content/themes/kingster/images/logo.png]
[a6e8z9v6.stackpathcdn.com/kingster/wp-content/uploads/2018/08/mega-menu-bg.jpg]
[a6e8z9v6.stackpathcdn.com/kingster/wp-content/uploads/2018/08/mega-menu-logo.png]
[a6e8z9v6.stackpathcdn.com/kingster/wp-content/uploads/2018/08/life-title-bg.jpg]
[a6e8z9v6.stackpathcdn.com/kingster/wp-content/uploads/2018/08/icon-activity.png]
[a6e8z9v6.stackpathcdn.com/kingster/wp-content/uploads/2018/08/icon-trophy.png]
[a6e8z9v6.stackpathcdn.com/kingster/wp-content/uploads/2018/08/life-bus.jpg]
[a6e8z9v6.stackpathcdn.com/kingster/wp-content/uploads/2018/08/icon-transportation.png]
[a6e8z9v6.stackpathcdn.com/kingster/wp-content/uploads/2018/08/icon-parking.png]
[a6e8z9v6.stackpathcdn.com/kingster/wp-content/uploads/2018/08/life-bg.jpg]
[a6e8z9v6.stackpathcdn.com/kingster/wp-content/uploads/2018/08/dan-gold-105699-unsplash.jpg]
[a6e8z9v6.stackpathcdn.com/kingster/wp-content/uploads/2018/08/dan-gold-105699-unsplash-900x500.jpg]
[a6e8z9v6.stackpathcdn.com/kingster/wp-content/cache/wpfc-minified/evmt9o0/8bqjh.js]
[a6e8z9v6.stackpathcdn.com/kingster/wp-content/uploads/2018/08/marvin-ronsdorf-196913-unsplash.jpg]
[a6e8z9v6.stackpathcdn.com/kingster/wp-content/uploads/2018/08/marvin-ronsdorf-196913-unsplash-900x500.jpg]
[a6e8z9v6.stackpathcdn.com/kingster/wp-content/uploads/2018/08/joshua-fuller-368384-unsplash.jpg]
[a6e8z9v6.stackpathcdn.com/kingster/wp-content/uploads/2018/08/joshua-fuller-368384-unsplash-900x500.jpg]
[a6e8z9v6.stackpathcdn.com/kingster/wp-content/uploads/2018/08/annie-spratt-294450-unsplash.jpg]
[a6e8z9v6.stackpathcdn.com/kingster/wp-content/uploads/2018/08/annie-spratt-294450-unsplash-900x500.jpg]
[a6e8z9v6.stackpathcdn.com/kingster/wp-content/uploads/2018/08/pawel-czerwinski-705954-unsplash.jpg]
[a6e8z9v6.stackpathcdn.com/kingster/wp-content/uploads/2018/08/pawel-czerwinski-705954-unsplash-900x500.jpg]
[a6e8z9v6.stackpathcdn.com/kingster/wp-content/uploads/2018/08/rawpixel-577480-unsplash.jpg]
[a6e8z9v6.stackpathcdn.com/kingster/wp-content/uploads/2018/08/rawpixel-577480-unsplash-900x500.jpg]
[a6e8z9v6.stackpathcdn.com/kingster/wp-content/uploads/2018/08/shutterstock_780740548.jpg]
[a6e8z9v6.stackpathcdn.com/kingster/wp-content/uploads/2018/08/footer-logo.png]
[demo.goodlayers.com/cdn-cgi/scripts/5c5dd728/cloudflare-static/email-decode.min.js]
[a6e8z9v6.stackpathcdn.com/kingster/wp-content/cache/wpfc-minified/32o7rjzg/8bqjh.css]
[a6e8z9v6.stackpathcdn.com/kingster/wp-includes/js/dist/vendor/regenerator-runtime.minb36a.js]
[a6e8z9v6.stackpathcdn.com/kingster/wp-includes/js/dist/vendor/wp-polyfill.min2c7c.js]
[a6e8z9v6.stackpathcdn.com/kingster/wp-content/plugins/contact-form-7/includes/js/index4245.js]
[a6e8z9v6.stackpathcdn.com/kingster/wp-content/plugins/goodlayers-core/plugins/script7cc1.js]
[a6e8z9v6.stackpathcdn.com/kingster/wp-content/plugins/goodlayers-core/include/js/page-builderd36b.js]
[a6e8z9v6.stackpathcdn.com/kingster/wp-content/plugins/woocommerce/assets/js/jquery-blockui/jquery.blockUI.minb106.js]
[a6e8z9v6.stackpathcdn.com/kingster/wp-content/plugins/woocommerce/assets/js/frontend/add-to-cart.min3e35.js]
[a6e8z9v6.stackpathcdn.com/kingster/wp-content/plugins/woocommerce/assets/js/js-cookie/js.cookie.min64be.js]
[a6e8z9v6.stackpathcdn.com/kingster/wp-content/plugins/woocommerce/assets/js/frontend/woocommerce.min3e35.js]
[a6e8z9v6.stackpathcdn.com/kingster/wp-content/plugins/woocommerce/assets/js/frontend/cart-fragments.min3e35.js]
[a6e8z9v6.stackpathcdn.com/kingster/wp-content/plugins/wp-google-map-plugin/assets/js/maps531b.js]
[a6e8z9v6.stackpathcdn.com/kingster/wp-includes/js/jquery/ui/effect.min35d0.js]
[a6e8z9v6.stackpathcdn.com/kingster/wp-content/themes/kingster/js/script-core8a54.js]
[a6e8z9v6.stackpathcdn.com/kingster/wp-includes/js/wp-embed.minf658.js]
[demo.goodlayers.com/kingster/university-life/index.html]
[a6e8z9v6.stackpathcdn.com/kingster/wp-content/cache/wpfc-minified/qhfkg17u/8bqjh.css]
[a6e8z9v6.stackpathcdn.com/kingster/wp-content/cache/wpfc-minified/q53pcy59/8bqjh.css]
[a6e8z9v6.stackpathcdn.com/kingster/wp-content/cache/wpfc-minified/2cwwm6ax/8bqjh.css]
[a6e8z9v6.stackpathcdn.com/kingster/wp-content/cache/wpfc-minified/e1phtqpt/8bqjh.css]
[a6e8z9v6.stackpathcdn.com/kingster/wp-content/plugins/wp-google-map-plugin/assets/images/white_select_arrow.png]
[a6e8z9v6.stackpathcdn.com/kingster/wp-content/plugins/goodlayers-core/include/images/pattern/pattern-1.png]
[static.cloudflareinsights.com/beacon.min.js]
[a6e8z9v6.stackpathcdn.com/kingster/wp-content/uploads/2018/08/page-title.jpg]
[a6e8z9v6.stackpathcdn.com/kingster/wp-content/cache/wpfc-minified/ko14bs0g/8bqjh.css]
[a6e8z9v6.stackpathcdn.com/kingster/wp-content/uploads/2018/08/dan-gold-105699-unsplash.jpg]
[a6e8z9v6.stackpathcdn.com/kingster/wp-content/uploads/2018/08/joshua-fuller-368384-unsplash.jpg]
[a6e8z9v6.stackpathcdn.com/kingster/wp-content/uploads/2018/08/pawel-czerwinski-705954-unsplash.jpg]
[a6e8z9v6.stackpathcdn.com/kingster/wp-content/cache/wpfc-minified/32o7rjzg/8bqjh.css]
